LetExp{decs=[VarDec{name=a, escape=true, typ=None, init=IntExp 5, pos=(2, 7)}, FunctionDec[{name=f, params=[], result=(int, (3, 19)), body=CallExp{func=g, args=[VarExp(SimpleVar(a, (3, 25)))], pos=(3, 23)}, pos=(3, 9)}, {name=g, params=[{name=i, escape=true, typ=int, pos=(4, 13)}], result=(int, (4, 25)), body=CallExp{func=f, args=[], pos=(4, 29)}, pos=(4, 9)}]], body=SeqExp[(CallExp{func=f, args=[], pos=(5, 4)}, (5, 6))], pos=(2, 3)}